
> kopi@1.4.2 dist
> tsc && node -e "require('fs').cpSync('electron/renderer', 'dist/electron/renderer', {recursive: true}); require('fs').cpSync('assets', 'dist/assets', {recursive: true});" && copy electron\preload.cjs dist\electron\preload.cjs && electron-builder --win

        1 archivo(s) copiado(s).
  ÔÇó electron-builder  version=26.8.1 os=10.0.20348
  ÔÇó loaded configuration  file=package.json ("build" field)
  Ô¿» Invalid configuration object. electron-builder 26.8.1 has been initialized using a configuration object that does not match the API schema.
 - configuration.win should be one of these:
   object { appId?, artifactName?, asar?, asarUnpack?, azureSignOptions?, compression?, cscKeyPassword?, cscLink?, defaultArch?, detectUpdateChannel?, disableDefaultIgnoredFiles?, electronLanguages?, electronUpdaterCompatibility?, executableName?, extraFiles?, extraResources?, fileAssociations?, files?, forceCodeSigning?, generateUpdatesFilesForAllChannels?, icon?, legalTrademarks?, protocols?, publish?, releaseInfo?, requestedExecutionLevel?, signAndEditExecutable?, signExts?, signtoolOptions?, target?, verifyUpdateCodeSignature? } | null
   -> Options related to how build Windows targets.
   Details:
    * configuration.win has an unknown property 'certificateSubjectName'. These properties are valid:
      object { appId?, artifactName?, asar?, asarUnpack?, azureSignOptions?, compression?, cscKeyPassword?, cscLink?, defaultArch?, detectUpdateChannel?, disableDefaultIgnoredFiles?, electronLanguages?, electronUpdaterCompatibility?, executableName?, extraFiles?, extraResources?, fileAssociations?, files?, forceCodeSigning?, generateUpdatesFilesForAllChannels?, icon?, legalTrademarks?, protocols?, publish?, releaseInfo?, requestedExecutionLevel?, signAndEditExecutable?, signExts?, signtoolOptions?, target?, verifyUpdateCodeSignature? }
    * configuration.win has an unknown property 'certificateFile'. These properties are valid:
      object { appId?, artifactName?, asar?, asarUnpack?, azureSignOptions?, compression?, cscKeyPassword?, cscLink?, defaultArch?, detectUpdateChannel?, disableDefaultIgnoredFiles?, electronLanguages?, electronUpdaterCompatibility?, executableName?, extraFiles?, extraResources?, fileAssociations?, files?, forceCodeSigning?, generateUpdatesFilesForAllChannels?, icon?, legalTrademarks?, protocols?, publish?, releaseInfo?, requestedExecutionLevel?, signAndEditExecutable?, signExts?, signtoolOptions?, target?, verifyUpdateCodeSignature? }
    * configuration.win has an unknown property 'signingHashAlgorithms'. These properties are valid:
      object { appId?, artifactName?, asar?, asarUnpack?, azureSignOptions?, compression?, cscKeyPassword?, cscLink?, defaultArch?, detectUpdateChannel?, disableDefaultIgnoredFiles?, electronLanguages?, electronUpdaterCompatibility?, executableName?, extraFiles?, extraResources?, fileAssociations?, files?, forceCodeSigning?, generateUpdatesFilesForAllChannels?, icon?, legalTrademarks?, protocols?, publish?, releaseInfo?, requestedExecutionLevel?, signAndEditExecutable?, signExts?, signtoolOptions?, target?, verifyUpdateCodeSignature? }
     How to fix:
     1. Open https://www.electron.build/win
     2. Search the option name on the page (or type in into Search to find across the docs).
       * Not found? The option was deprecated or not exists (check spelling).
       * Found? Check that the option in the appropriate place. e.g. "title" only in the "dmg", not in the root.
  failedTask=build stackTrace=ValidationError: Invalid configuration object. electron-builder 26.8.1 has been initialized using a configuration object that does not match the API schema.
 - configuration.win should be one of these:
   object { appId?, artifactName?, asar?, asarUnpack?, azureSignOptions?, compression?, cscKeyPassword?, cscLink?, defaultArch?, detectUpdateChannel?, disableDefaultIgnoredFiles?, electronLanguages?, electronUpdaterCompatibility?, executableName?, extraFiles?, extraResources?, fileAssociations?, files?, forceCodeSigning?, generateUpdatesFilesForAllChannels?, icon?, legalTrademarks?, protocols?, publish?, releaseInfo?, requestedExecutionLevel?, signAndEditExecutable?, signExts?, signtoolOptions?, target?, verifyUpdateCodeSignature? } | null
   -> Options related to how build Windows targets.
   Details:
    * configuration.win has an unknown property 'certificateSubjectName'. These properties are valid:
      object { appId?, artifactName?, asar?, asarUnpack?, azureSignOptions?, compression?, cscKeyPassword?, cscLink?, defaultArch?, detectUpdateChannel?, disableDefaultIgnoredFiles?, electronLanguages?, electronUpdaterCompatibility?, executableName?, extraFiles?, extraResources?, fileAssociations?, files?, forceCodeSigning?, generateUpdatesFilesForAllChannels?, icon?, legalTrademarks?, protocols?, publish?, releaseInfo?, requestedExecutionLevel?, signAndEditExecutable?, signExts?, signtoolOptions?, target?, verifyUpdateCodeSignature? }
    * configuration.win has an unknown property 'certificateFile'. These properties are valid:
      object { appId?, artifactName?, asar?, asarUnpack?, azureSignOptions?, compression?, cscKeyPassword?, cscLink?, defaultArch?, detectUpdateChannel?, disableDefaultIgnoredFiles?, electronLanguages?, electronUpdaterCompatibility?, executableName?, extraFiles?, extraResources?, fileAssociations?, files?, forceCodeSigning?, generateUpdatesFilesForAllChannels?, icon?, legalTrademarks?, protocols?, publish?, releaseInfo?, requestedExecutionLevel?, signAndEditExecutable?, signExts?, signtoolOptions?, target?, verifyUpdateCodeSignature? }
    * configuration.win has an unknown property 'signingHashAlgorithms'. These properties are valid:
      object { appId?, artifactName?, asar?, asarUnpack?, azureSignOptions?, compression?, cscKeyPassword?, cscLink?, defaultArch?, detectUpdateChannel?, disableDefaultIgnoredFiles?, electronLanguages?, electronUpdaterCompatibility?, executableName?, extraFiles?, extraResources?, fileAssociations?, files?, forceCodeSigning?, generateUpdatesFilesForAllChannels?, icon?, legalTrademarks?, protocols?, publish?, releaseInfo?, requestedExecutionLevel?, signAndEditExecutable?, signExts?, signtoolOptions?, target?, verifyUpdateCodeSignature? }
     How to fix:
     1. Open https://www.electron.build/win
     2. Search the option name on the page (or type in into Search to find across the docs).
       * Not found? The option was deprecated or not exists (check spelling).
       * Found? Check that the option in the appropriate place. e.g. "title" only in the "dmg", not in the root.
                                                                                                                                                                                                                                                                                                                                                                                                                                                                                                                                                                                                                                                                                                                                                                                                                                                                                                                                                                                                                                                                                                                                                                                                                                                                                                                                                                                                                                                                                                                                                                                                                                                                                                                                                                                                                                                                                                                                                                                                                                                                                                                                                                                                                                                                                                                                                                                                                                                                                                                                                                                                                                                                                                                                                                                                                                                                                                                                                                                                                                                                                                                                                                                                    at validate (C:\Users\Administrador\Desktop\Kopi\node_modules\@develar\schema-utils\dist\validate.js:86:11)
    at validateConfiguration (C:\Users\Administrador\Desktop\Kopi\node_modules\app-builder-lib\src\util\config\config.ts:239:3)
    at Packager.validateConfig (C:\Users\Administrador\Desktop\Kopi\node_modules\app-builder-lib\src\packager.ts:398:5)
    at Packager.build (C:\Users\Administrador\Desktop\Kopi\node_modules\app-builder-lib\src\packager.ts:406:5)
    at executeFinally (C:\Users\Administrador\Desktop\Kopi\node_modules\builder-util\src\promise.ts:12:14)
